******************************************************************************
                  TI ARM Linker PC v18.12.4                    
******************************************************************************
>> Linked Wed Mar  4 21:20:53 2020

OUTPUT FILE NAME:   <Homework3_Starter.out>
ENTRY POINT SYMBOL: "_c_int00_noargs"  address: 0000062d


MEMORY CONFIGURATION

         name            origin    length      used     unused   attr    fill
----------------------  --------  ---------  --------  --------  ----  --------
  MAIN                  00000000   00040000  00000890  0003f770  R  X
  INFO                  00200000   00004000  00000000  00004000  R  X
  SRAM_CODE             01000000   00010000  00000209  0000fdf7  RW X
  SRAM_DATA             20000000   00010000  00000209  0000fdf7  RW  


SEGMENT ALLOCATION MAP

run origin  load origin   length   init length attrs members
----------  ----------- ---------- ----------- ----- -------
00000000    00000000    00000890   00000890    r-x
  00000000    00000000    000000e4   000000e4    r-- .intvecs
  000000e4    000000e4    00000794   00000794    r-x .text
  00000878    00000878    00000018   00000018    r-- .cinit
20000000    20000000    00000009   00000000    rw-
  20000000    20000000    00000009   00000000    rw- .data
2000fe00    2000fe00    00000200   00000000    rw-
  2000fe00    2000fe00    00000200   00000000    rw- .stack


SECTION ALLOCATION MAP

 output                                  attributes/
section   page    origin      length       input sections
--------  ----  ----------  ----------   ----------------
.intvecs   0    00000000    000000e4     
                  00000000    000000e4     startup_msp432p401r_ccs.obj (.intvecs:retain)

.text      0    000000e4    00000794     
                  000000e4    000000aa     homework3.obj (.text:changeBoosterpackLED)
                  0000018e    00000002     startup_msp432p401r_ccs.obj (.text:Default_Handler)
                  00000190    000000aa     homework3.obj (.text:changeLaunchpadLED2)
                  0000023a    0000009c     rtsv7M4_T_le_v4SPD16_eabi.lib : memcpy_t2.asm.obj (.text)
                  000002d6    00000002     myGPIO.obj (.text:initGPIO)
                  000002d8    00000088     homework3.obj (.text:main)
                  00000360    00000078     system_msp432p401r.obj (.text:SystemInit)
                  000003d8    00000068     msp432p4xx_driverlib.lib : timer32.o (.text:Timer32_initModule)
                  00000440    00000068     rtsv7M4_T_le_v4SPD16_eabi.lib : copy_decompress_lzss.c.obj (.text:decompress:lzss:__TI_decompress_lzss)
                  000004a8    00000064     homework3.obj (.text:fsmBoosterpackButtonS1)
                  0000050c    00000044     rtsv7M4_T_le_v4SPD16_eabi.lib : autoinit.c.obj (.text:__TI_auto_init_nobinit_nopinit:__TI_auto_init_nobinit_nopinit)
                  00000550    00000038     msp432p4xx_driverlib.lib : timer32.o (.text:Timer32_startTimer)
                  00000588    00000038     myTimer.obj (.text:timer0Expired)
                  000005c0    00000038     myTimer.obj (.text:timer1Expired)
                  000005f8    00000034     msp432p4xx_driverlib.lib : timer32.o (.text:Timer32_setCount)
                  0000062c    00000034     rtsv7M4_T_le_v4SPD16_eabi.lib : boot_cortex_m.c.obj (.text:_c_int00_noargs:_c_int00_noargs)
                  00000660    00000026     myTimer.obj (.text:initTimer)
                  00000686    00000002     --HOLE-- [fill = 0]
                  00000688    00000024     msp432p4xx_driverlib.lib : wdt_a.o (.text:WDT_A_holdTimer)
                  000006ac    00000020     myGPIO.obj (.text:turnOff_BoosterpackLEDBlue)
                  000006cc    00000020     myGPIO.obj (.text:turnOff_BoosterpackLEDGreen)
                  000006ec    00000020     myGPIO.obj (.text:turnOff_BoosterpackLEDRed)
                  0000070c    00000020     myGPIO.obj (.text:turnOff_LaunchpadLED2Blue)
                  0000072c    00000020     myGPIO.obj (.text:turnOff_LaunchpadLED2Green)
                  0000074c    00000020     myGPIO.obj (.text:turnOff_LaunchpadLED2Red)
                  0000076c    00000020     myGPIO.obj (.text:turnOn_BoosterpackLEDBlue)
                  0000078c    00000020     myGPIO.obj (.text:turnOn_BoosterpackLEDGreen)
                  000007ac    00000020     myGPIO.obj (.text:turnOn_BoosterpackLEDRed)
                  000007cc    00000020     myGPIO.obj (.text:turnOn_LaunchpadLED2Blue)
                  000007ec    00000020     myGPIO.obj (.text:turnOn_LaunchpadLED2Green)
                  0000080c    00000020     myGPIO.obj (.text:turnOn_LaunchpadLED2Red)
                  0000082c    00000014     myGPIO.obj (.text:checkStatus_BoosterpackS1)
                  00000840    0000000e     msp432p4xx_driverlib.lib : timer32.o (.text:Timer32_getValue)
                  0000084e    0000000e     rtsv7M4_T_le_v4SPD16_eabi.lib : copy_decompress_none.c.obj (.text:decompress:none:__TI_decompress_none)
                  0000085c    0000000c     startup_msp432p401r_ccs.obj (.text:Reset_Handler)
                  00000868    00000008     homework3.obj (.text:initBoard)
                  00000870    00000004     rtsv7M4_T_le_v4SPD16_eabi.lib : pre_init.c.obj (.text:_system_pre_init)
                  00000874    00000004                                   : exit.c.obj (.text:abort:abort)

.cinit     0    00000878    00000018     
                  00000878    00000008     (.cinit..data.load) [load image, compression = lzss]
                  00000880    00000008     (__TI_handler_table)
                  00000888    00000008     (__TI_cinit_table)

.init_array 
*          0    00000000    00000000     UNINITIALIZED

.binit     0    00000000    00000000     

.data      0    20000000    00000009     UNINITIALIZED
                  20000000    00000008     myTimer.obj (.data)
                  20000008    00000001     homework3.obj (.data)

.stack     0    2000fe00    00000200     UNINITIALIZED
                  2000fe00    00000004     rtsv7M4_T_le_v4SPD16_eabi.lib : boot_cortex_m.c.obj (.stack)
                  2000fe04    000001fc     --HOLE--

MODULE SUMMARY

       Module                        code   ro data   rw data
       ------                        ----   -------   -------
    .\
       homework3.obj                 584    0         2      
       myGPIO.obj                    406    0         0      
       myTimer.obj                   150    0         16     
       system_msp432p401r.obj        120    0         0      
    +--+-----------------------------+------+---------+---------+
       Total:                        1260   0         18     
                                                             
    .\ccs\
       startup_msp432p401r_ccs.obj   14     228       0      
    +--+-----------------------------+------+---------+---------+
       Total:                        14     228       0      
                                                             
    C:/ti/simplelink_msp432p4_sdk_3_40_01_02/source/ti/devices/msp432p4xx/driverlib/ccs/msp432p4xx_driverlib.lib
       timer32.o                     226    0         0      
       wdt_a.o                       36     0         0      
    +--+-----------------------------+------+---------+---------+
       Total:                        262    0         0      
                                                             
    C:\ti\ccs930\ccs\tools\compiler\ti-cgt-arm_18.12.4.LTS\lib\rtsv7M4_T_le_v4SPD16_eabi.lib
       memcpy_t2.asm.obj             156    0         0      
       copy_decompress_lzss.c.obj    104    0         0      
       autoinit.c.obj                68     0         0      
       boot_cortex_m.c.obj           52     0         0      
       copy_decompress_none.c.obj    14     0         0      
       exit.c.obj                    4      0         0      
       pre_init.c.obj                4      0         0      
    +--+-----------------------------+------+---------+---------+
       Total:                        402    0         0      
                                                             
       Stack:                        0      0         1024   
       Linker Generated:             0      24        0      
    +--+-----------------------------+------+---------+---------+
       Grand Total:                  1938   252       1042   


LINKER GENERATED COPY TABLES

__TI_cinit_table @ 00000888 records: 1, size/record: 8, table size: 8
	.data: load addr=00000878, load size=00000008 bytes, run addr=20000000, run size=00000009 bytes, compression=lzss


LINKER GENERATED HANDLER TABLE

__TI_handler_table @ 00000880 records: 2, size/record: 4, table size: 8
	index: 0, handler: __TI_decompress_lzss
	index: 1, handler: __TI_decompress_none


GLOBAL SYMBOLS: SORTED ALPHABETICALLY BY Name 

address   name                          
-------   ----                          
0000018f  ADC14_IRQHandler              
0000018f  AES256_IRQHandler             
0000018f  BusFault_Handler              
00000875  C$$EXIT                       
0000018f  COMP_E0_IRQHandler            
0000018f  COMP_E1_IRQHandler            
0000018f  CS_IRQHandler                 
0000018f  DMA_ERR_IRQHandler            
0000018f  DMA_INT0_IRQHandler           
0000018f  DMA_INT1_IRQHandler           
0000018f  DMA_INT2_IRQHandler           
0000018f  DMA_INT3_IRQHandler           
0000018f  DebugMon_Handler              
0000018f  Default_Handler               
0000018f  EUSCIA0_IRQHandler            
0000018f  EUSCIA1_IRQHandler            
0000018f  EUSCIA2_IRQHandler            
0000018f  EUSCIA3_IRQHandler            
0000018f  EUSCIB0_IRQHandler            
0000018f  EUSCIB1_IRQHandler            
0000018f  EUSCIB2_IRQHandler            
0000018f  EUSCIB3_IRQHandler            
0000018f  FLCTL_IRQHandler              
0000018f  FPU_IRQHandler                
0000018f  HardFault_Handler             
0000018f  MemManage_Handler             
0000018f  NMI_Handler                   
0000018f  PCM_IRQHandler                
0000018f  PORT1_IRQHandler              
0000018f  PORT2_IRQHandler              
0000018f  PORT3_IRQHandler              
0000018f  PORT4_IRQHandler              
0000018f  PORT5_IRQHandler              
0000018f  PORT6_IRQHandler              
0000018f  PSS_IRQHandler                
0000018f  PendSV_Handler                
0000018f  RTC_C_IRQHandler              
0000085d  Reset_Handler                 
0000018f  SVC_Handler                   
0000018f  SysTick_Handler               
00000361  SystemInit                    
0000018f  T32_INT1_IRQHandler           
0000018f  T32_INT2_IRQHandler           
0000018f  T32_INTC_IRQHandler           
0000018f  TA0_0_IRQHandler              
0000018f  TA0_N_IRQHandler              
0000018f  TA1_0_IRQHandler              
0000018f  TA1_N_IRQHandler              
0000018f  TA2_0_IRQHandler              
0000018f  TA2_N_IRQHandler              
0000018f  TA3_0_IRQHandler              
0000018f  TA3_N_IRQHandler              
00000841  Timer32_getValue              
000003d9  Timer32_initModule            
000005f9  Timer32_setCount              
00000551  Timer32_startTimer            
0000018f  UsageFault_Handler            
4000480c  WDTCTL_SYM                    
0000018f  WDT_A_IRQHandler              
00000689  WDT_A_holdTimer               
20010000  __STACK_END                   
00000200  __STACK_SIZE                  
00000888  __TI_CINIT_Base               
00000890  __TI_CINIT_Limit              
00000880  __TI_Handler_Table_Base       
00000888  __TI_Handler_Table_Limit      
0000050d  __TI_auto_init_nobinit_nopinit
00000441  __TI_decompress_lzss          
0000084f  __TI_decompress_none          
ffffffff  __TI_pprof_out_hndl           
ffffffff  __TI_prof_data_size           
ffffffff  __TI_prof_data_start          
00000000  __TI_static_base__            
0000023b  __aeabi_memcpy                
0000023b  __aeabi_memcpy4               
0000023b  __aeabi_memcpy8               
ffffffff  __binit__                     
ffffffff  __c_args__                    
UNDEFED   __mpu_init                    
2000fe00  __stack                       
0000062d  _c_int00_noargs               
UNDEFED   _system_post_cinit            
00000871  _system_pre_init              
00000875  abort                         
ffffffff  binit                         
000000e5  changeBoosterpackLED          
00000191  changeLaunchpadLED2           
0000082d  checkStatus_BoosterpackS1     
000004a9  fsmBoosterpackButtonS1        
00000869  initBoard                     
000002d7  initGPIO                      
00000661  initTimer                     
00000000  interruptVectors              
000002d9  main                          
0000023b  memcpy                        
00000589  timer0Expired                 
000005c1  timer1Expired                 
000006ad  turnOff_BoosterpackLEDBlue    
000006cd  turnOff_BoosterpackLEDGreen   
000006ed  turnOff_BoosterpackLEDRed     
0000070d  turnOff_LaunchpadLED2Blue     
0000072d  turnOff_LaunchpadLED2Green    
0000074d  turnOff_LaunchpadLED2Red      
0000076d  turnOn_BoosterpackLEDBlue     
0000078d  turnOn_BoosterpackLEDGreen    
000007ad  turnOn_BoosterpackLEDRed      
000007cd  turnOn_LaunchpadLED2Blue      
000007ed  turnOn_LaunchpadLED2Green     
0000080d  turnOn_LaunchpadLED2Red       


GLOBAL SYMBOLS: SORTED BY Symbol Address 

address   name                          
-------   ----                          
00000000  __TI_static_base__            
00000000  interruptVectors              
000000e5  changeBoosterpackLED          
0000018f  ADC14_IRQHandler              
0000018f  AES256_IRQHandler             
0000018f  BusFault_Handler              
0000018f  COMP_E0_IRQHandler            
0000018f  COMP_E1_IRQHandler            
0000018f  CS_IRQHandler                 
0000018f  DMA_ERR_IRQHandler            
0000018f  DMA_INT0_IRQHandler           
0000018f  DMA_INT1_IRQHandler           
0000018f  DMA_INT2_IRQHandler           
0000018f  DMA_INT3_IRQHandler           
0000018f  DebugMon_Handler              
0000018f  Default_Handler               
0000018f  EUSCIA0_IRQHandler            
0000018f  EUSCIA1_IRQHandler            
0000018f  EUSCIA2_IRQHandler            
0000018f  EUSCIA3_IRQHandler            
0000018f  EUSCIB0_IRQHandler            
0000018f  EUSCIB1_IRQHandler            
0000018f  EUSCIB2_IRQHandler            
0000018f  EUSCIB3_IRQHandler            
0000018f  FLCTL_IRQHandler              
0000018f  FPU_IRQHandler                
0000018f  HardFault_Handler             
0000018f  MemManage_Handler             
0000018f  NMI_Handler                   
0000018f  PCM_IRQHandler                
0000018f  PORT1_IRQHandler              
0000018f  PORT2_IRQHandler              
0000018f  PORT3_IRQHandler              
0000018f  PORT4_IRQHandler              
0000018f  PORT5_IRQHandler              
0000018f  PORT6_IRQHandler              
0000018f  PSS_IRQHandler                
0000018f  PendSV_Handler                
0000018f  RTC_C_IRQHandler              
0000018f  SVC_Handler                   
0000018f  SysTick_Handler               
0000018f  T32_INT1_IRQHandler           
0000018f  T32_INT2_IRQHandler           
0000018f  T32_INTC_IRQHandler           
0000018f  TA0_0_IRQHandler              
0000018f  TA0_N_IRQHandler              
0000018f  TA1_0_IRQHandler              
0000018f  TA1_N_IRQHandler              
0000018f  TA2_0_IRQHandler              
0000018f  TA2_N_IRQHandler              
0000018f  TA3_0_IRQHandler              
0000018f  TA3_N_IRQHandler              
0000018f  UsageFault_Handler            
0000018f  WDT_A_IRQHandler              
00000191  changeLaunchpadLED2           
00000200  __STACK_SIZE                  
0000023b  __aeabi_memcpy                
0000023b  __aeabi_memcpy4               
0000023b  __aeabi_memcpy8               
0000023b  memcpy                        
000002d7  initGPIO                      
000002d9  main                          
00000361  SystemInit                    
000003d9  Timer32_initModule            
00000441  __TI_decompress_lzss          
000004a9  fsmBoosterpackButtonS1        
0000050d  __TI_auto_init_nobinit_nopinit
00000551  Timer32_startTimer            
00000589  timer0Expired                 
000005c1  timer1Expired                 
000005f9  Timer32_setCount              
0000062d  _c_int00_noargs               
00000661  initTimer                     
00000689  WDT_A_holdTimer               
000006ad  turnOff_BoosterpackLEDBlue    
000006cd  turnOff_BoosterpackLEDGreen   
000006ed  turnOff_BoosterpackLEDRed     
0000070d  turnOff_LaunchpadLED2Blue     
0000072d  turnOff_LaunchpadLED2Green    
0000074d  turnOff_LaunchpadLED2Red      
0000076d  turnOn_BoosterpackLEDBlue     
0000078d  turnOn_BoosterpackLEDGreen    
000007ad  turnOn_BoosterpackLEDRed      
000007cd  turnOn_LaunchpadLED2Blue      
000007ed  turnOn_LaunchpadLED2Green     
0000080d  turnOn_LaunchpadLED2Red       
0000082d  checkStatus_BoosterpackS1     
00000841  Timer32_getValue              
0000084f  __TI_decompress_none          
0000085d  Reset_Handler                 
00000869  initBoard                     
00000871  _system_pre_init              
00000875  C$$EXIT                       
00000875  abort                         
00000880  __TI_Handler_Table_Base       
00000888  __TI_CINIT_Base               
00000888  __TI_Handler_Table_Limit      
00000890  __TI_CINIT_Limit              
2000fe00  __stack                       
20010000  __STACK_END                   
4000480c  WDTCTL_SYM                    
ffffffff  __TI_pprof_out_hndl           
ffffffff  __TI_prof_data_size           
ffffffff  __TI_prof_data_start          
ffffffff  __binit__                     
ffffffff  __c_args__                    
ffffffff  binit                         
UNDEFED   __mpu_init                    
UNDEFED   _system_post_cinit            

[109 symbols]
