******************************************************************************
                  TI ARM Linker PC v18.12.4                    
******************************************************************************
>> Linked Wed Mar  4 15:41:28 2020

OUTPUT FILE NAME:   <Homework3_Starter.out>
ENTRY POINT SYMBOL: "_c_int00_noargs"  address: 00000625


MEMORY CONFIGURATION

         name            origin    length      used     unused   attr    fill
----------------------  --------  ---------  --------  --------  ----  --------
  MAIN                  00000000   00040000  00000888  0003f778  R  X
  INFO                  00200000   00004000  00000000  00004000  R  X
  SRAM_CODE             01000000   00010000  00000209  0000fdf7  RW X
  SRAM_DATA             20000000   00010000  00000209  0000fdf7  RW  


SEGMENT ALLOCATION MAP

run origin  load origin   length   init length attrs members
----------  ----------- ---------- ----------- ----- -------
00000000    00000000    00000888   00000888    r-x
  00000000    00000000    000000e4   000000e4    r-- .intvecs
  000000e4    000000e4    0000078c   0000078c    r-x .text
  00000870    00000870    00000018   00000018    r-- .cinit
20000000    20000000    00000009   00000000    rw-
  20000000    20000000    00000009   00000000    rw- .data
2000fe00    2000fe00    00000200   00000000    rw-
  2000fe00    2000fe00    00000200   00000000    rw- .stack


SECTION ALLOCATION MAP

 output                                  attributes/
section   page    origin      length       input sections
--------  ----  ----------  ----------   ----------------
.intvecs   0    00000000    000000e4     
                  00000000    000000e4     startup_msp432p401r_ccs.obj (.intvecs:retain)

.text      0    000000e4    0000078c     
                  000000e4    000000a6     homework3.obj (.text:changeBoosterpackLED)
                  0000018a    00000002     startup_msp432p401r_ccs.obj (.text:Default_Handler)
                  0000018c    000000a6     homework3.obj (.text:changeLaunchpadLED2)
                  00000232    0000009c     rtsv7M4_T_le_v4SPD16_eabi.lib : memcpy_t2.asm.obj (.text)
                  000002ce    00000002     myGPIO.obj (.text:initGPIO)
                  000002d0    00000090     homework3.obj (.text:main)
                  00000360    00000078     system_msp432p401r.obj (.text:SystemInit)
                  000003d8    00000068     msp432p4xx_driverlib.lib : timer32.o (.text:Timer32_initModule)
                  00000440    00000068     rtsv7M4_T_le_v4SPD16_eabi.lib : copy_decompress_lzss.c.obj (.text:decompress:lzss:__TI_decompress_lzss)
                  000004a8    0000005c     homework3.obj (.text:fsmBoosterpackButtonS1)
                  00000504    00000044     rtsv7M4_T_le_v4SPD16_eabi.lib : autoinit.c.obj (.text:__TI_auto_init_nobinit_nopinit:__TI_auto_init_nobinit_nopinit)
                  00000548    00000038     msp432p4xx_driverlib.lib : timer32.o (.text:Timer32_startTimer)
                  00000580    00000038     myTimer.obj (.text:timer0Expired)
                  000005b8    00000038     myTimer.obj (.text:timer1Expired)
                  000005f0    00000034     msp432p4xx_driverlib.lib : timer32.o (.text:Timer32_setCount)
                  00000624    00000034     rtsv7M4_T_le_v4SPD16_eabi.lib : boot_cortex_m.c.obj (.text:_c_int00_noargs:_c_int00_noargs)
                  00000658    00000026     myTimer.obj (.text:initTimer)
                  0000067e    00000002     --HOLE-- [fill = 0]
                  00000680    00000024     msp432p4xx_driverlib.lib : wdt_a.o (.text:WDT_A_holdTimer)
                  000006a4    00000020     myGPIO.obj (.text:turnOff_BoosterpackLEDBlue)
                  000006c4    00000020     myGPIO.obj (.text:turnOff_BoosterpackLEDGreen)
                  000006e4    00000020     myGPIO.obj (.text:turnOff_BoosterpackLEDRed)
                  00000704    00000020     myGPIO.obj (.text:turnOff_LaunchpadLED2Blue)
                  00000724    00000020     myGPIO.obj (.text:turnOff_LaunchpadLED2Green)
                  00000744    00000020     myGPIO.obj (.text:turnOff_LaunchpadLED2Red)
                  00000764    00000020     myGPIO.obj (.text:turnOn_BoosterpackLEDBlue)
                  00000784    00000020     myGPIO.obj (.text:turnOn_BoosterpackLEDGreen)
                  000007a4    00000020     myGPIO.obj (.text:turnOn_BoosterpackLEDRed)
                  000007c4    00000020     myGPIO.obj (.text:turnOn_LaunchpadLED2Blue)
                  000007e4    00000020     myGPIO.obj (.text:turnOn_LaunchpadLED2Green)
                  00000804    00000020     myGPIO.obj (.text:turnOn_LaunchpadLED2Red)
                  00000824    00000014     myGPIO.obj (.text:checkStatus_BoosterpackS1)
                  00000838    0000000e     msp432p4xx_driverlib.lib : timer32.o (.text:Timer32_getValue)
                  00000846    0000000e     rtsv7M4_T_le_v4SPD16_eabi.lib : copy_decompress_none.c.obj (.text:decompress:none:__TI_decompress_none)
                  00000854    0000000c     startup_msp432p401r_ccs.obj (.text:Reset_Handler)
                  00000860    00000008     homework3.obj (.text:initBoard)
                  00000868    00000004     rtsv7M4_T_le_v4SPD16_eabi.lib : pre_init.c.obj (.text:_system_pre_init)
                  0000086c    00000004                                   : exit.c.obj (.text:abort:abort)

.cinit     0    00000870    00000018     
                  00000870    00000008     (.cinit..data.load) [load image, compression = lzss]
                  00000878    00000008     (__TI_handler_table)
                  00000880    00000008     (__TI_cinit_table)

.init_array 
*          0    00000000    00000000     UNINITIALIZED

.binit     0    00000000    00000000     

.data      0    20000000    00000009     UNINITIALIZED
                  20000000    00000008     myTimer.obj (.data)
                  20000008    00000001     homework3.obj (.data)

.stack     0    2000fe00    00000200     UNINITIALIZED
                  2000fe00    00000004     rtsv7M4_T_le_v4SPD16_eabi.lib : boot_cortex_m.c.obj (.stack)
                  2000fe04    000001fc     --HOLE--

MODULE SUMMARY

       Module                        code   ro data   rw data
       ------                        ----   -------   -------
    .\
       homework3.obj                 576    0         2      
       myGPIO.obj                    406    0         0      
       myTimer.obj                   150    0         16     
       system_msp432p401r.obj        120    0         0      
    +--+-----------------------------+------+---------+---------+
       Total:                        1252   0         18     
                                                             
    .\ccs\
       startup_msp432p401r_ccs.obj   14     228       0      
    +--+-----------------------------+------+---------+---------+
       Total:                        14     228       0      
                                                             
    C:/ti/simplelink_msp432p4_sdk_3_40_01_02/source/ti/devices/msp432p4xx/driverlib/ccs/msp432p4xx_driverlib.lib
       timer32.o                     226    0         0      
       wdt_a.o                       36     0         0      
    +--+-----------------------------+------+---------+---------+
       Total:                        262    0         0      
                                                             
    C:\ti\ccs930\ccs\tools\compiler\ti-cgt-arm_18.12.4.LTS\lib\rtsv7M4_T_le_v4SPD16_eabi.lib
       memcpy_t2.asm.obj             156    0         0      
       copy_decompress_lzss.c.obj    104    0         0      
       autoinit.c.obj                68     0         0      
       boot_cortex_m.c.obj           52     0         0      
       copy_decompress_none.c.obj    14     0         0      
       exit.c.obj                    4      0         0      
       pre_init.c.obj                4      0         0      
    +--+-----------------------------+------+---------+---------+
       Total:                        402    0         0      
                                                             
       Stack:                        0      0         1024   
       Linker Generated:             0      24        0      
    +--+-----------------------------+------+---------+---------+
       Grand Total:                  1930   252       1042   


LINKER GENERATED COPY TABLES

__TI_cinit_table @ 00000880 records: 1, size/record: 8, table size: 8
	.data: load addr=00000870, load size=00000008 bytes, run addr=20000000, run size=00000009 bytes, compression=lzss


LINKER GENERATED HANDLER TABLE

__TI_handler_table @ 00000878 records: 2, size/record: 4, table size: 8
	index: 0, handler: __TI_decompress_lzss
	index: 1, handler: __TI_decompress_none


GLOBAL SYMBOLS: SORTED ALPHABETICALLY BY Name 

address   name                          
-------   ----                          
0000018b  ADC14_IRQHandler              
0000018b  AES256_IRQHandler             
0000018b  BusFault_Handler              
0000086d  C$$EXIT                       
0000018b  COMP_E0_IRQHandler            
0000018b  COMP_E1_IRQHandler            
0000018b  CS_IRQHandler                 
0000018b  DMA_ERR_IRQHandler            
0000018b  DMA_INT0_IRQHandler           
0000018b  DMA_INT1_IRQHandler           
0000018b  DMA_INT2_IRQHandler           
0000018b  DMA_INT3_IRQHandler           
0000018b  DebugMon_Handler              
0000018b  Default_Handler               
0000018b  EUSCIA0_IRQHandler            
0000018b  EUSCIA1_IRQHandler            
0000018b  EUSCIA2_IRQHandler            
0000018b  EUSCIA3_IRQHandler            
0000018b  EUSCIB0_IRQHandler            
0000018b  EUSCIB1_IRQHandler            
0000018b  EUSCIB2_IRQHandler            
0000018b  EUSCIB3_IRQHandler            
0000018b  FLCTL_IRQHandler              
0000018b  FPU_IRQHandler                
0000018b  HardFault_Handler             
0000018b  MemManage_Handler             
0000018b  NMI_Handler                   
0000018b  PCM_IRQHandler                
0000018b  PORT1_IRQHandler              
0000018b  PORT2_IRQHandler              
0000018b  PORT3_IRQHandler              
0000018b  PORT4_IRQHandler              
0000018b  PORT5_IRQHandler              
0000018b  PORT6_IRQHandler              
0000018b  PSS_IRQHandler                
0000018b  PendSV_Handler                
0000018b  RTC_C_IRQHandler              
00000855  Reset_Handler                 
0000018b  SVC_Handler                   
0000018b  SysTick_Handler               
00000361  SystemInit                    
0000018b  T32_INT1_IRQHandler           
0000018b  T32_INT2_IRQHandler           
0000018b  T32_INTC_IRQHandler           
0000018b  TA0_0_IRQHandler              
0000018b  TA0_N_IRQHandler              
0000018b  TA1_0_IRQHandler              
0000018b  TA1_N_IRQHandler              
0000018b  TA2_0_IRQHandler              
0000018b  TA2_N_IRQHandler              
0000018b  TA3_0_IRQHandler              
0000018b  TA3_N_IRQHandler              
00000839  Timer32_getValue              
000003d9  Timer32_initModule            
000005f1  Timer32_setCount              
00000549  Timer32_startTimer            
0000018b  UsageFault_Handler            
4000480c  WDTCTL_SYM                    
0000018b  WDT_A_IRQHandler              
00000681  WDT_A_holdTimer               
20010000  __STACK_END                   
00000200  __STACK_SIZE                  
00000880  __TI_CINIT_Base               
00000888  __TI_CINIT_Limit              
00000878  __TI_Handler_Table_Base       
00000880  __TI_Handler_Table_Limit      
00000505  __TI_auto_init_nobinit_nopinit
00000441  __TI_decompress_lzss          
00000847  __TI_decompress_none          
ffffffff  __TI_pprof_out_hndl           
ffffffff  __TI_prof_data_size           
ffffffff  __TI_prof_data_start          
00000000  __TI_static_base__            
00000233  __aeabi_memcpy                
00000233  __aeabi_memcpy4               
00000233  __aeabi_memcpy8               
ffffffff  __binit__                     
ffffffff  __c_args__                    
UNDEFED   __mpu_init                    
2000fe00  __stack                       
00000625  _c_int00_noargs               
UNDEFED   _system_post_cinit            
00000869  _system_pre_init              
0000086d  abort                         
ffffffff  binit                         
000000e5  changeBoosterpackLED          
0000018d  changeLaunchpadLED2           
00000825  checkStatus_BoosterpackS1     
000004a9  fsmBoosterpackButtonS1        
00000861  initBoard                     
000002cf  initGPIO                      
00000659  initTimer                     
00000000  interruptVectors              
000002d1  main                          
00000233  memcpy                        
00000581  timer0Expired                 
000005b9  timer1Expired                 
000006a5  turnOff_BoosterpackLEDBlue    
000006c5  turnOff_BoosterpackLEDGreen   
000006e5  turnOff_BoosterpackLEDRed     
00000705  turnOff_LaunchpadLED2Blue     
00000725  turnOff_LaunchpadLED2Green    
00000745  turnOff_LaunchpadLED2Red      
00000765  turnOn_BoosterpackLEDBlue     
00000785  turnOn_BoosterpackLEDGreen    
000007a5  turnOn_BoosterpackLEDRed      
000007c5  turnOn_LaunchpadLED2Blue      
000007e5  turnOn_LaunchpadLED2Green     
00000805  turnOn_LaunchpadLED2Red       


GLOBAL SYMBOLS: SORTED BY Symbol Address 

address   name                          
-------   ----                          
00000000  __TI_static_base__            
00000000  interruptVectors              
000000e5  changeBoosterpackLED          
0000018b  ADC14_IRQHandler              
0000018b  AES256_IRQHandler             
0000018b  BusFault_Handler              
0000018b  COMP_E0_IRQHandler            
0000018b  COMP_E1_IRQHandler            
0000018b  CS_IRQHandler                 
0000018b  DMA_ERR_IRQHandler            
0000018b  DMA_INT0_IRQHandler           
0000018b  DMA_INT1_IRQHandler           
0000018b  DMA_INT2_IRQHandler           
0000018b  DMA_INT3_IRQHandler           
0000018b  DebugMon_Handler              
0000018b  Default_Handler               
0000018b  EUSCIA0_IRQHandler            
0000018b  EUSCIA1_IRQHandler            
0000018b  EUSCIA2_IRQHandler            
0000018b  EUSCIA3_IRQHandler            
0000018b  EUSCIB0_IRQHandler            
0000018b  EUSCIB1_IRQHandler            
0000018b  EUSCIB2_IRQHandler            
0000018b  EUSCIB3_IRQHandler            
0000018b  FLCTL_IRQHandler              
0000018b  FPU_IRQHandler                
0000018b  HardFault_Handler             
0000018b  MemManage_Handler             
0000018b  NMI_Handler                   
0000018b  PCM_IRQHandler                
0000018b  PORT1_IRQHandler              
0000018b  PORT2_IRQHandler              
0000018b  PORT3_IRQHandler              
0000018b  PORT4_IRQHandler              
0000018b  PORT5_IRQHandler              
0000018b  PORT6_IRQHandler              
0000018b  PSS_IRQHandler                
0000018b  PendSV_Handler                
0000018b  RTC_C_IRQHandler              
0000018b  SVC_Handler                   
0000018b  SysTick_Handler               
0000018b  T32_INT1_IRQHandler           
0000018b  T32_INT2_IRQHandler           
0000018b  T32_INTC_IRQHandler           
0000018b  TA0_0_IRQHandler              
0000018b  TA0_N_IRQHandler              
0000018b  TA1_0_IRQHandler              
0000018b  TA1_N_IRQHandler              
0000018b  TA2_0_IRQHandler              
0000018b  TA2_N_IRQHandler              
0000018b  TA3_0_IRQHandler              
0000018b  TA3_N_IRQHandler              
0000018b  UsageFault_Handler            
0000018b  WDT_A_IRQHandler              
0000018d  changeLaunchpadLED2           
00000200  __STACK_SIZE                  
00000233  __aeabi_memcpy                
00000233  __aeabi_memcpy4               
00000233  __aeabi_memcpy8               
00000233  memcpy                        
000002cf  initGPIO                      
000002d1  main                          
00000361  SystemInit                    
000003d9  Timer32_initModule            
00000441  __TI_decompress_lzss          
000004a9  fsmBoosterpackButtonS1        
00000505  __TI_auto_init_nobinit_nopinit
00000549  Timer32_startTimer            
00000581  timer0Expired                 
000005b9  timer1Expired                 
000005f1  Timer32_setCount              
00000625  _c_int00_noargs               
00000659  initTimer                     
00000681  WDT_A_holdTimer               
000006a5  turnOff_BoosterpackLEDBlue    
000006c5  turnOff_BoosterpackLEDGreen   
000006e5  turnOff_BoosterpackLEDRed     
00000705  turnOff_LaunchpadLED2Blue     
00000725  turnOff_LaunchpadLED2Green    
00000745  turnOff_LaunchpadLED2Red      
00000765  turnOn_BoosterpackLEDBlue     
00000785  turnOn_BoosterpackLEDGreen    
000007a5  turnOn_BoosterpackLEDRed      
000007c5  turnOn_LaunchpadLED2Blue      
000007e5  turnOn_LaunchpadLED2Green     
00000805  turnOn_LaunchpadLED2Red       
00000825  checkStatus_BoosterpackS1     
00000839  Timer32_getValue              
00000847  __TI_decompress_none          
00000855  Reset_Handler                 
00000861  initBoard                     
00000869  _system_pre_init              
0000086d  C$$EXIT                       
0000086d  abort                         
00000878  __TI_Handler_Table_Base       
00000880  __TI_CINIT_Base               
00000880  __TI_Handler_Table_Limit      
00000888  __TI_CINIT_Limit              
2000fe00  __stack                       
20010000  __STACK_END                   
4000480c  WDTCTL_SYM                    
ffffffff  __TI_pprof_out_hndl           
ffffffff  __TI_prof_data_size           
ffffffff  __TI_prof_data_start          
ffffffff  __binit__                     
ffffffff  __c_args__                    
ffffffff  binit                         
UNDEFED   __mpu_init                    
UNDEFED   _system_post_cinit            

[109 symbols]
